Initializing document watcher...
Document watcher initialized
bkiplangat17/Bullseye_fx_backup/backend/app/services/dashboard_service.py: {"tabSize":4,"indentSize":4,"insertSpaces":true,"cursorStyle":1,"lineNumbers":1}
bkiplangat17/Bullseye_fx_backup/backend/app/services/dashboard_service.py: Using EditorConfig core...
Bullseye_fx_backup/backend/app/services/dashboard_service.py: Target charset is not set
bkiplangat17/Bullseye_fx_backup/backend/app/services/dashboard_service.py: {"tabSize":4,"indentSize":4,"insertSpaces":true,"cursorStyle":1,"lineNumbers":1}
bkiplangat17/Bullseye_fx_backup/backend/app/services/dashboard_service.py: {"tabSize":4,"indentSize":4,"insertSpaces":true,"cursorStyle":1,"lineNumbers":1}
bkiplangat17/Bullseye_fx_backup/backend/app/services/dashboard_service.py: {"tabSize":4,"indentSize":4,"insertSpaces":true,"cursorStyle":1,"lineNumbers":1}
bkiplangat17/Bullseye_fx_backup/backend/app/services/dashboard_service.py: Using EditorConfig core...
bkiplangat17/Bullseye_fx_backup/backend/app/services/dashboard_service.py: Using EditorConfig core...
Bullseye_fx_backup/backend/app/services/dashboard_service.py: Target charset is not set
bkiplangat17/Bullseye_fx_backup/backend/app/services/dashboard_service.py: Using EditorConfig core...
bkiplangat17/Bullseye_fx_backup/backend/app/services/dashboard_service.py: Using EditorConfig core...
Bullseye_fx_backup/backend/app/services/dashboard_service.py: Target charset is not set
bkiplangat17/Bullseye_fx_backup/backend/app/services/dashboard_service.py: Using EditorConfig core...
bkiplangat17/Bullseye_fx_backup/backend/app/services/dashboard_service.py: Using EditorConfig core...
Bullseye_fx_backup/backend/app/services/dashboard_service.py: Target charset is not set
bkiplangat17/Bullseye_fx_backup/backend/app/services/dashboard_service.py: Using EditorConfig core...
bkiplangat17/Bullseye_fx_backup/backend/app/services/dashboard_service.py: Using EditorConfig core...
Bullseye_fx_backup/backend/app/services/dashboard_service.py: Target charset is not set
bkiplangat17/Bullseye_fx_backup/backend/app/services/dashboard_service.py: Using EditorConfig core...
bkiplangat17/Bullseye_fx_backup/backend/app/services/dashboard_service.py: Using EditorConfig core...
Bullseye_fx_backup/backend/app/services/dashboard_service.py: Target charset is not set
bkiplangat17/Bullseye_fx_backup/backend/app/services/dashboard_service.py: Using EditorConfig core...
bkiplangat17/Bullseye_fx_backup/backend/app/services/dashboard_service.py: Using EditorConfig core...
Bullseye_fx_backup/backend/app/services/dashboard_service.py: Target charset is not set
bkiplangat17/Bullseye_fx_backup/backend/app/services/dashboard_service.py: Using EditorConfig core...
bkiplangat17/Bullseye_fx_backup/backend/app/services/dashboard_service.py: Using EditorConfig core...
Bullseye_fx_backup/backend/app/services/dashboard_service.py: Target charset is not set
bkiplangat17/Bullseye_fx_backup/backend/app/services/dashboard_service.py: Using EditorConfig core...
bkiplangat17/Bullseye_fx_backup/backend/app/services/dashboard_service.py: Using EditorConfig core...
Bullseye_fx_backup/backend/app/services/dashboard_service.py: Target charset is not set
bkiplangat17/Bullseye_fx_backup/backend/app/services/dashboard_service.py: {"tabSize":4,"indentSize":4,"insertSpaces":true,"cursorStyle":1,"lineNumbers":1}
bkiplangat17/Bullseye_fx_backup/backend/app/services/dashboard_service.py: Using EditorConfig core...
bkiplangat17/Bullseye_fx_backup/backend/app/services/dashboard_service.py: Using EditorConfig core...
Bullseye_fx_backup/backend/app/services/dashboard_service.py: Target charset is not set
bkiplangat17/Bullseye_fx_backup/backend/app/services/dashboard_service.py: Using EditorConfig core...
bkiplangat17/Bullseye_fx_backup/backend/app/services/dashboard_service.py: Using EditorConfig core...
Bullseye_fx_backup/backend/app/services/dashboard_service.py: Target charset is not set
bkiplangat17/Bullseye_fx_backup/backend/app/services/dashboard_service.py: Using EditorConfig core...
bkiplangat17/Bullseye_fx_backup/backend/app/services/dashboard_service.py: Using EditorConfig core...
Bullseye_fx_backup/backend/app/services/dashboard_service.py: Target charset is not set
bkiplangat17/Bullseye_fx_backup/backend/app/services/dashboard_service.py: Using EditorConfig core...
bkiplangat17/Bullseye_fx_backup/backend/app/services/dashboard_service.py: Using EditorConfig core...
Bullseye_fx_backup/backend/app/services/dashboard_service.py: Target charset is not set
bkiplangat17/Bullseye_fx_backup/backend/app/services/dashboard_service.py: Using EditorConfig core...
bkiplangat17/Bullseye_fx_backup/backend/app/services/dashboard_service.py: Using EditorConfig core...
Bullseye_fx_backup/backend/app/services/dashboard_service.py: Target charset is not set
bkiplangat17/Bullseye_fx_backup/backend/app/services/dashboard_service.py: Using EditorConfig core...
bkiplangat17/Bullseye_fx_backup/backend/app/services/dashboard_service.py: Using EditorConfig core...
Bullseye_fx_backup/backend/app/services/dashboard_service.py: Target charset is not set
bkiplangat17/Bullseye_fx_backup/backend/app/services/dashboard_service.py: Using EditorConfig core...
bkiplangat17/Bullseye_fx_backup/backend/app/services/dashboard_service.py: Using EditorConfig core...
Bullseye_fx_backup/backend/app/services/dashboard_service.py: Target charset is not set
bkiplangat17/Bullseye_fx_backup/backend/app/services/dashboard_service.py: Using EditorConfig core...
bkiplangat17/Bullseye_fx_backup/backend/app/services/dashboard_service.py: Using EditorConfig core...
Bullseye_fx_backup/backend/app/services/dashboard_service.py: Target charset is not set
bkiplangat17/Bullseye_fx_backup/backend/app/services/dashboard_service.py: Using EditorConfig core...
bkiplangat17/Bullseye_fx_backup/backend/app/services/dashboard_service.py: Using EditorConfig core...
Bullseye_fx_backup/backend/app/services/dashboard_service.py: Target charset is not set
bkiplangat17/Bullseye_fx_backup/backend/app/services/dashboard_service.py: Using EditorConfig core...
bkiplangat17/Bullseye_fx_backup/backend/app/services/dashboard_service.py: Using EditorConfig core...
Bullseye_fx_backup/backend/app/services/dashboard_service.py: Target charset is not set
bkiplangat17/Bullseye_fx_backup/backend/app/services/dashboard_service.py: Using EditorConfig core...
bkiplangat17/Bullseye_fx_backup/backend/app/services/dashboard_service.py: Using EditorConfig core...
Bullseye_fx_backup/backend/app/services/dashboard_service.py: Target charset is not set
bkiplangat17/Bullseye_fx_backup/backend/app/services/dashboard_service.py: Using EditorConfig core...
bkiplangat17/Bullseye_fx_backup/backend/app/services/dashboard_service.py: Using EditorConfig core...
Bullseye_fx_backup/backend/app/services/dashboard_service.py: Target charset is not set
bkiplangat17/Bullseye_fx_backup/backend/app/services/dashboard_service.py: Using EditorConfig core...
bkiplangat17/Bullseye_fx_backup/backend/app/services/dashboard_service.py: Using EditorConfig core...
Bullseye_fx_backup/backend/app/services/dashboard_service.py: Target charset is not set
bkiplangat17/Bullseye_fx_backup/backend/app/services/dashboard_service.py: Using EditorConfig core...
bkiplangat17/Bullseye_fx_backup/backend/app/services/dashboard_service.py: Using EditorConfig core...
Bullseye_fx_backup/backend/app/services/dashboard_service.py: Target charset is not set
bkiplangat17/Bullseye_fx_backup/backend/app/services/dashboard_service.py: Using EditorConfig core...
bkiplangat17/Bullseye_fx_backup/backend/app/services/dashboard_service.py: Using EditorConfig core...
Bullseye_fx_backup/backend/app/services/dashboard_service.py: Target charset is not set
bkiplangat17/Bullseye_fx_backup/backend/app/services/dashboard_service.py: Using EditorConfig core...
bkiplangat17/Bullseye_fx_backup/backend/app/services/dashboard_service.py: Using EditorConfig core...
Bullseye_fx_backup/backend/app/services/dashboard_service.py: Target charset is not set
bkiplangat17/Bullseye_fx_backup/backend/app/services/dashboard_service.py: Using EditorConfig core...
bkiplangat17/Bullseye_fx_backup/backend/app/services/dashboard_service.py: Using EditorConfig core...
Bullseye_fx_backup/backend/app/services/dashboard_service.py: Target charset is not set
bkiplangat17/Bullseye_fx_backup/backend/app/services/dashboard_service.py: Using EditorConfig core...
bkiplangat17/Bullseye_fx_backup/backend/app/services/dashboard_service.py: Using EditorConfig core...
Bullseye_fx_backup/backend/app/services/dashboard_service.py: Target charset is not set
bkiplangat17/Bullseye_fx_backup/backend/app/services/dashboard_service.py: Using EditorConfig core...
bkiplangat17/Bullseye_fx_backup/backend/app/services/dashboard_service.py: Using EditorConfig core...
Bullseye_fx_backup/backend/app/services/dashboard_service.py: Target charset is not set
bkiplangat17/Bullseye_fx_backup/backend/app/services/dashboard_service.py: Using EditorConfig core...
bkiplangat17/Bullseye_fx_backup/backend/app/services/dashboard_service.py: Using EditorConfig core...
Bullseye_fx_backup/backend/app/services/dashboard_service.py: Target charset is not set
bkiplangat17/Bullseye_fx_backup/backend/app/services/dashboard_service.py: Using EditorConfig core...
bkiplangat17/Bullseye_fx_backup/backend/app/services/dashboard_service.py: Using EditorConfig core...
Bullseye_fx_backup/backend/app/services/dashboard_service.py: Target charset is not set
bkiplangat17/Bullseye_fx_backup/backend/app/services/dashboard_service.py: Using EditorConfig core...
bkiplangat17/Bullseye_fx_backup/backend/app/services/dashboard_service.py: Using EditorConfig core...
Bullseye_fx_backup/backend/app/services/dashboard_service.py: Target charset is not set
bkiplangat17/Bullseye_fx_backup/backend/app/services/dashboard_service.py: Using EditorConfig core...
bkiplangat17/Bullseye_fx_backup/backend/app/services/dashboard_service.py: Using EditorConfig core...
Bullseye_fx_backup/backend/app/services/dashboard_service.py: Target charset is not set
bkiplangat17/Bullseye_fx_backup/backend/app/services/dashboard_service.py: Using EditorConfig core...
bkiplangat17/Bullseye_fx_backup/backend/app/services/dashboard_service.py: Using EditorConfig core...
Bullseye_fx_backup/backend/app/services/dashboard_service.py: Target charset is not set
bkiplangat17/Bullseye_fx_backup/backend/app/services/dashboard_service.py: Using EditorConfig core...
bkiplangat17/Bullseye_fx_backup/backend/app/services/dashboard_service.py: Using EditorConfig core...
Bullseye_fx_backup/backend/app/services/dashboard_service.py: Target charset is not set
bkiplangat17/Bullseye_fx_backup/backend/app/services/dashboard_service.py: Using EditorConfig core...
bkiplangat17/Bullseye_fx_backup/backend/app/services/dashboard_service.py: Using EditorConfig core...
Bullseye_fx_backup/backend/app/services/dashboard_service.py: Target charset is not set
bkiplangat17/Bullseye_fx_backup/backend/app/services/dashboard_service.py: Using EditorConfig core...
bkiplangat17/Bullseye_fx_backup/backend/app/services/dashboard_service.py: Using EditorConfig core...
Bullseye_fx_backup/backend/app/services/dashboard_service.py: Target charset is not set
bkiplangat17/Bullseye_fx_backup/backend/app/services/dashboard_service.py: Using EditorConfig core...
bkiplangat17/Bullseye_fx_backup/backend/app/services/dashboard_service.py: Using EditorConfig core...
Bullseye_fx_backup/backend/app/services/dashboard_service.py: Target charset is not set
bkiplangat17/Bullseye_fx_backup/backend/app/services/dashboard_service.py: Using EditorConfig core...
bkiplangat17/Bullseye_fx_backup/backend/app/services/dashboard_service.py: Using EditorConfig core...
Bullseye_fx_backup/backend/app/services/dashboard_service.py: Target charset is not set
bkiplangat17/Bullseye_fx_backup/backend/app/services/dashboard_service.py: Using EditorConfig core...
bkiplangat17/Bullseye_fx_backup/backend/app/services/dashboard_service.py: Using EditorConfig core...
Bullseye_fx_backup/backend/app/services/dashboard_service.py: Target charset is not set
bkiplangat17/Bullseye_fx_backup/backend/app/services/dashboard_service.py: Using EditorConfig core...
bkiplangat17/Bullseye_fx_backup/backend/app/services/dashboard_service.py: Using EditorConfig core...
Bullseye_fx_backup/backend/app/services/dashboard_service.py: Target charset is not set
bkiplangat17/Bullseye_fx_backup/backend/app/services/dashboard_service.py: Using EditorConfig core...
bkiplangat17/Bullseye_fx_backup/backend/app/services/dashboard_service.py: Using EditorConfig core...
Bullseye_fx_backup/backend/app/services/dashboard_service.py: Target charset is not set
bkiplangat17/Bullseye_fx_backup/backend/app/services/dashboard_service.py: Using EditorConfig core...
bkiplangat17/Bullseye_fx_backup/backend/app/services/dashboard_service.py: Using EditorConfig core...
Bullseye_fx_backup/backend/app/services/dashboard_service.py: Target charset is not set
bkiplangat17/Bullseye_fx_backup/backend/app/services/dashboard_service.py: Using EditorConfig core...
bkiplangat17/Bullseye_fx_backup/backend/app/services/dashboard_service.py: Using EditorConfig core...
Bullseye_fx_backup/backend/app/services/dashboard_service.py: Target charset is not set
bkiplangat17/Bullseye_fx_backup/backend/app/services/dashboard_service.py: Using EditorConfig core...
bkiplangat17/Bullseye_fx_backup/backend/app/services/dashboard_service.py: Using EditorConfig core...
Bullseye_fx_backup/backend/app/services/dashboard_service.py: Target charset is not set
bkiplangat17/Bullseye_fx_backup/backend/app/services/dashboard_service.py: Using EditorConfig core...
bkiplangat17/Bullseye_fx_backup/backend/app/services/dashboard_service.py: Using EditorConfig core...
Bullseye_fx_backup/backend/app/services/dashboard_service.py: Target charset is not set
bkiplangat17/Bullseye_fx_backup/backend/app/services/dashboard_service.py: Using EditorConfig core...
bkiplangat17/Bullseye_fx_backup/backend/app/services/dashboard_service.py: Using EditorConfig core...
Bullseye_fx_backup/backend/app/services/dashboard_service.py: Target charset is not set
bkiplangat17/Bullseye_fx_backup/backend/app/services/dashboard_service.py: Using EditorConfig core...
bkiplangat17/Bullseye_fx_backup/backend/app/services/dashboard_service.py: Using EditorConfig core...
Bullseye_fx_backup/backend/app/services/dashboard_service.py: Target charset is not set
bkiplangat17/Bullseye_fx_backup/backend/app/services/dashboard_service.py: Using EditorConfig core...
bkiplangat17/Bullseye_fx_backup/backend/app/services/dashboard_service.py: Using EditorConfig core...
Bullseye_fx_backup/backend/app/services/dashboard_service.py: Target charset is not set
bkiplangat17/Bullseye_fx_backup/backend/app/services/dashboard_service.py: Using EditorConfig core...
bkiplangat17/Bullseye_fx_backup/backend/app/services/dashboard_service.py: Using EditorConfig core...
Bullseye_fx_backup/backend/app/services/dashboard_service.py: Target charset is not set
bkiplangat17/Bullseye_fx_backup/backend/app/services/dashboard_service.py: Using EditorConfig core...
bkiplangat17/Bullseye_fx_backup/backend/app/services/dashboard_service.py: Using EditorConfig core...
Bullseye_fx_backup/backend/app/services/dashboard_service.py: Target charset is not set
bkiplangat17/Bullseye_fx_backup/backend/app/services/dashboard_service.py: Using EditorConfig core...
bkiplangat17/Bullseye_fx_backup/backend/app/services/dashboard_service.py: Using EditorConfig core...
Bullseye_fx_backup/backend/app/services/dashboard_service.py: Target charset is not set
bkiplangat17/Bullseye_fx_backup/backend/app/services/dashboard_service.py: Using EditorConfig core...
bkiplangat17/Bullseye_fx_backup/backend/app/services/dashboard_service.py: Using EditorConfig core...
Bullseye_fx_backup/backend/app/services/dashboard_service.py: Target charset is not set
bkiplangat17/Bullseye_fx_backup/backend/app/services/dashboard_service.py: Using EditorConfig core...
bkiplangat17/Bullseye_fx_backup/backend/app/services/dashboard_service.py: Using EditorConfig core...
Bullseye_fx_backup/backend/app/services/dashboard_service.py: Target charset is not set
bkiplangat17/Bullseye_fx_backup/backend/app/services/dashboard_service.py: {"tabSize":4,"indentSize":4,"insertSpaces":true,"cursorStyle":1,"lineNumbers":1}
bkiplangat17/Bullseye_fx_backup/backend/app/services/dashboard_service.py: Using EditorConfig core...
bkiplangat17/Bullseye_fx_backup/backend/app/services/dashboard_service.py: Using EditorConfig core...
Bullseye_fx_backup/backend/app/services/dashboard_service.py: Target charset is not set
bkiplangat17/Bullseye_fx_backup/backend/app/services/dashboard_service.py: Using EditorConfig core...
bkiplangat17/Bullseye_fx_backup/backend/app/services/dashboard_service.py: Using EditorConfig core...
Bullseye_fx_backup/backend/app/services/dashboard_service.py: Target charset is not set
bkiplangat17/Bullseye_fx_backup/backend/app/services/dashboard_service.py: {"tabSize":4,"indentSize":4,"insertSpaces":true,"cursorStyle":1,"lineNumbers":1}
bkiplangat17/Bullseye_fx_backup/backend/app/services/dashboard_service.py: {"tabSize":4,"indentSize":4,"insertSpaces":true,"cursorStyle":1,"lineNumbers":1}
bkiplangat17/Bullseye_fx_backup/backend/app/services/dashboard_service.py: Using EditorConfig core...
bkiplangat17/Bullseye_fx_backup/backend/app/services/dashboard_service.py: Using EditorConfig core...
Bullseye_fx_backup/backend/app/services/dashboard_service.py: Target charset is not set
bkiplangat17/Bullseye_fx_backup/backend/app/services/dashboard_service.py: {"tabSize":4,"indentSize":4,"insertSpaces":true,"cursorStyle":1,"lineNumbers":1}
bkiplangat17/Bullseye_fx_backup/backend/app/services/dashboard_service.py: Using EditorConfig core...
bkiplangat17/Bullseye_fx_backup/backend/app/services/dashboard_service.py: Using EditorConfig core...
Bullseye_fx_backup/backend/app/services/dashboard_service.py: Target charset is not set
bkiplangat17/Bullseye_fx_backup/backend/app/services/dashboard_service.py: {"tabSize":4,"indentSize":4,"insertSpaces":true,"cursorStyle":1,"lineNumbers":1}
bkiplangat17/Bullseye_fx_backup/backend/app/services/dashboard_service.py: Using EditorConfig core...
bkiplangat17/Bullseye_fx_backup/backend/app/services/dashboard_service.py: Using EditorConfig core...
Bullseye_fx_backup/backend/app/services/dashboard_service.py: Target charset is not set
bkiplangat17/Bullseye_fx_backup/backend/app/services/dashboard_service.py: Using EditorConfig core...
bkiplangat17/Bullseye_fx_backup/backend/app/services/dashboard_service.py: Using EditorConfig core...
Bullseye_fx_backup/backend/app/services/dashboard_service.py: Target charset is not set
bkiplangat17/Bullseye_fx_backup/backend/app/services/dashboard_service.py: Using EditorConfig core...
bkiplangat17/Bullseye_fx_backup/backend/app/services/dashboard_service.py: Using EditorConfig core...
Bullseye_fx_backup/backend/app/services/dashboard_service.py: Target charset is not set
bkiplangat17/Bullseye_fx_backup/backend/app/services/dashboard_service.py: {"tabSize":4,"indentSize":4,"insertSpaces":true,"cursorStyle":1,"lineNumbers":1}
bkiplangat17/Bullseye_fx_backup/backend/app/services/dashboard_service.py: {"tabSize":4,"indentSize":4,"insertSpaces":true,"cursorStyle":1,"lineNumbers":1}
bkiplangat17/Bullseye_fx_backup/backend/app/services/dashboard_service.py: Using EditorConfig core...
bkiplangat17/Bullseye_fx_backup/backend/app/services/dashboard_service.py: Using EditorConfig core...
Bullseye_fx_backup/backend/app/services/dashboard_service.py: Target charset is not set
bkiplangat17/Bullseye_fx_backup/backend/app/services/dashboard_service.py: {"tabSize":4,"indentSize":4,"insertSpaces":true,"cursorStyle":1,"lineNumbers":1}
bkiplangat17/Bullseye_fx_backup/backend/app/services/dashboard_service.py: {"tabSize":4,"indentSize":4,"insertSpaces":true,"cursorStyle":1,"lineNumbers":1}
bkiplangat17/Bullseye_fx_backup/backend/app/services/dashboard_service.py: {"tabSize":4,"indentSize":4,"insertSpaces":true,"cursorStyle":1,"lineNumbers":1}
bkiplangat17/Bullseye_fx_backup/backend/app/services/dashboard_service.py: {"tabSize":4,"indentSize":4,"insertSpaces":true,"cursorStyle":1,"lineNumbers":1}
