0 verbose cli /usr/local/nvm/versions/node/v24.18.1/bin/node /usr/local/nvm/versions/node/v24.18.1/bin/npm
1 info using npm@12.0.2
2 info using node@v24.18.1
3 silly config load:file:/usr/local/nvm/versions/node/v24.18.1/lib/node_modules/npm/npmrc
4 silly config load:file:/home/bkiplangat17/.npmrc
5 silly config load:file:/usr/local/nvm/versions/node/v24.18.1/etc/npmrc
6 verbose title npm run dev -p 3001 -H 0.0.0.0
7 verbose argv "run" "dev" "--" "-p" "3001" "-H" "0.0.0.0"
8 verbose logfile logs-max:10 dir:/home/bkiplangat17/.npm/_logs/2026-08-09T12_48_25_698Z-
9 verbose logfile /home/bkiplangat17/.npm/_logs/2026-08-09T12_48_25_698Z-debug-0.log
10 silly logfile start cleaning logs, removing 1 files
11 silly logfile done cleaning log files
12 notice run bullseye-frontend@1.0.0 dev
13 notice run next dev -p 3000 -p 3001 -H 0.0.0.0
14 verbose cwd /home/bkiplangat17
15 verbose os Linux 6.6.143+
16 verbose node v24.18.1
17 verbose npm  v12.0.2
18 verbose exit 1
19 verbose code 1
